******************************************************************************
                  TI ARM Linker PC v20.2.2                     
******************************************************************************
>> Linked Sun Feb 28 23:31:22 2021

OUTPUT FILE NAME:   <SSL_REST_API_AWS.out>
ENTRY POINT SYMBOL: "_c_int00_noargs"  address: 2000e391


MEMORY CONFIGURATION

         name            origin    length      used     unused   attr    fill
----------------------  --------  ---------  --------  --------  ----  --------
  SRAM_CODE             20004000   00013000  0000baae  00007552  RW X
  SRAM_DATA             20017000   00019000  0000966e  0000f992  RW X


SEGMENT ALLOCATION MAP

run origin  load origin   length   init length attrs members
----------  ----------- ---------- ----------- ----- -------
20004000    20004000    0000bab0   0000bab0    r-x
  20004000    20004000    00000400   00000400    r-- .intvecs
  20004400    20004400    0000aada   0000aada    r-x .text
  2000eedc    2000eedc    00000b0c   00000b0c    r-- .const
  2000f9e8    2000f9e8    000000c8   000000c8    r-- .cinit
20017000    20017000    00008670   00000000    rw-
  20017000    20017000    00008000   00000000    rw- .sysmem
  2001f000    2001f000    000003e2   00000000    rw- .bss
  2001f3e4    2001f3e4    0000028c   00000000    rw- .data
2002f000    2002f000    00001000   00000000    rw-
  2002f000    2002f000    00001000   00000000    rw- .stack


SECTION ALLOCATION MAP

 output                                  attributes/
section   page    origin      length       input sections
--------  ----  ----------  ----------   ----------------
.intvecs   0    20004000    00000400     
                  20004000    00000400     startup_ccs.obj (.intvecs)

.init_array 
*          0    20004000    00000000     UNINITIALIZED

.text      0    20004400    0000aada     
                  20004400    000014ac     main.obj (.text)
                  200058ac    00000a80     Adafruit_GFX.obj (.text)
                  2000632c    00000a4e     rtsv7M4_T_le_v4SPD16_eabi.lib : _printfi.c.obj (.text:__TI_printfi)
                  20006d7a    00000002     driverlib.a : interrupt.obj (.text:IntDefaultHandler)
                  20006d7c    00000590     simplelink.a : driver.obj (.text:_SlDrvMsgRead)
                  2000730c    00000486     Adafruit_OLED.obj (.text)
                  20007792    00000002     rtsv7M4_T_le_v4SPD16_eabi.lib : _lock.c.obj (.text:_nop)
                  20007794    00000398     gpio_if.obj (.text)
                  20007b2c    000002b4     i2c_if.obj (.text)
                  20007de0    00000280     simplelink.a : wlan.obj (.text:sl_WlanConnect)
                  20008060    0000027c     uart_if.obj (.text)
                  200082dc    00000270     rtsv7M4_T_le_v4SPD16_eabi.lib : _printfi.c.obj (.text:_pconv_a)
                  2000854c    00000248     simplelink.a : driver.obj (.text:_SlDrvRxHdrRead)
                  20008794    000001e4                  : driver.obj (.text:_SlDrvDataReadOp)
                  20008978    000001d0                  : driver.obj (.text:_SlDrvReleasePoolObj)
                  20008b48    000001d0     rtsv7M4_T_le_v4SPD16_eabi.lib : _printfi.c.obj (.text:_pconv_g)
                  20008d18    000001b6                                   : fd_add_t2.asm.obj (.text)
                  20008ece    00000002                                   : div0.asm.obj (.text)
                  20008ed0    000001b4     simplelink.a : driver.obj (.text:_SlDrvDriverCBInit)
                  20009084    0000019c                  : driver.obj (.text:_SlDrvMsgWrite)
                  20009220    00000190                  : driver.obj (.text:_SlDrvWaitForPoolObj)
                  200093b0    0000018c                  : socket.obj (.text:sl_Connect)
                  2000953c    00000178     driverlib.a : prcm.obj (.text:PRCMCC3200MCUInit)
                  200096b4    00000170     simplelink.a : driver.obj (.text:_SlFindAndSetActiveObj)
                  20009824    00000150                  : driver.obj (.text:_SlDrvDataWriteOp)
                  20009974    00000148                  : cc_pal.obj (.text:spi_Open)
                  20009abc    00000144                  : driver.obj (.text:_SlDrvMsgReadCmdCtx)
                  20009c00    00000144                  : netapp.obj (.text:sl_NetAppDnsGetHostByName)
                  20009d44    0000013c     rtsv7M4_T_le_v4SPD16_eabi.lib : _printfi.c.obj (.text:_pconv_e)
                  20009e80    00000136                                   : fd_div_t2.asm.obj (.text)
                  20009fb6    00000002     --HOLE-- [fill = 0]
                  20009fb8    00000134     simplelink.a : socket.obj (.text:sl_Send)
                  2000a0ec    00000130                  : driver.obj (.text:_SlDrvDriverCBDeinit)
                  2000a21c    00000124     rtsv7M4_T_le_v4SPD16_eabi.lib : _printfi.c.obj (.text:fcvt)
                  2000a340    00000114                                   : fputs.c.obj (.text:fputs)
                  2000a454    00000110                                   : s_scalbn.c.obj (.text:scalbn)
                  2000a564    0000010c     pin_mux_config.obj (.text)
                  2000a670    00000104     simplelink.a : netapp.obj (.text:_SlDrvNetAppEventHandler)
                  2000a774    00000100     rtsv7M4_T_le_v4SPD16_eabi.lib : memory.c.obj (.text:aligned_alloc)
                  2000a874    000000fc                                   : fd_mul_t2.asm.obj (.text)
                  2000a970    000000f0     simplelink.a : device.obj (.text:sl_Stop)
                  2000aa60    000000f0                  : cc_pal.obj (.text:spi_Read)
                  2000ab50    000000f0     driverlib.a : udma.obj (.text:uDMAChannelTransferSet)
                  2000ac40    000000ec     simplelink.a : device.obj (.text:sl_Start)
                  2000ad2c    000000e8                  : driver.obj (.text:_SlAsyncEventGenericHandler)
                  2000ae14    000000e8                  : driver.obj (.text:_SlDrvMsgReadSpawnCtx)
                  2000aefc    000000e4     rtsv7M4_T_le_v4SPD16_eabi.lib : memory.c.obj (.text:free)
                  2000afe0    000000e4                                   : memory.c.obj (.text:realloc)
                  2000b0c4    000000e4     simplelink.a : netapp.obj (.text:sl_NetAppMDNSRegisterUnregisterService)
                  2000b1a8    000000dc                  : driver.obj (.text:_SlDrvClassifyRxMsg)
                  2000b284    000000dc     rtsv7M4_T_le_v4SPD16_eabi.lib : setvbuf.c.obj (.text:setvbuf)
                  2000b360    000000cc     simplelink.a : netapp.obj (.text:_sl_HandleAsync_DnsGetHostByService)
                  2000b42c    000000cc                  : device.obj (.text:sl_DevGet)
                  2000b4f8    000000c4                  : driver.obj (.text:_SlRemoveFromList)
                  2000b5bc    000000c0                  : driver.obj (.text:_SlDrvCmdOp)
                  2000b67c    000000b1     rtsv7M4_T_le_v4SPD16_eabi.lib : _printfi.c.obj (.text:_ltostr)
                  2000b72d    00000003     --HOLE-- [fill = 0]
                  2000b730    000000b0     simplelink.a : nonos.obj (.text:_SlNonOsSemGet)
                  2000b7e0    000000a8     driverlib.a : interrupt.obj (.text:IntDisable)
                  2000b888    000000a8                 : interrupt.obj (.text:IntEnable)
                  2000b930    000000a4     simplelink.a : driver.obj (.text:_SlDriverHandleError)
                  2000b9d4    000000a0     driverlib.a : spi.obj (.text:SPIConfigSetExpClk)
                  2000ba74    000000a0     simplelink.a : socket.obj (.text:sl_Recv)
                  2000bb14    0000009c     rtsv7M4_T_le_v4SPD16_eabi.lib : memcpy_t2.asm.obj (.text)
                  2000bbb0    0000009a     simplelink.a : device.obj (.text:_SlDrvDeviceEventHandler)
                  2000bc4a    00000002     --HOLE-- [fill = 0]
                  2000bc4c    00000098                  : device.obj (.text:sl_DevSet)
                  2000bce4    00000098                  : netcfg.obj (.text:sl_NetCfgSet)
                  2000bd7c    00000098                  : socket.obj (.text:sl_SetSockOpt)
                  2000be14    00000098                  : wlan.obj (.text:sl_WlanSet)
                  2000beac    00000098                  : cc_pal.obj (.text:spi_Write)
                  2000bf44    00000096     rtsv7M4_T_le_v4SPD16_eabi.lib : ull_div_t2.asm.obj (.text)
                  2000bfda    00000002     --HOLE-- [fill = 0]
                  2000bfdc    00000094     driverlib.a : prcm.obj (.text:PRCMPeripheralClockGet)
                  2000c070    00000090     simplelink.a : netapp.obj (.text:_sl_HandleAsync_DnsGetHostByName)
                  2000c100    00000090                  : netapp.obj (.text:_sl_HandleAsync_PingResponse)
                  2000c190    00000090                  : wlan.obj (.text:sl_WlanPolicySet)
                  2000c220    0000008c                  : cc_pal.obj (.text:SetupDMAReceive)
                  2000c2ac    0000008c                  : cc_pal.obj (.text:SetupDMASend)
                  2000c338    0000008c                  : driver.obj (.text:_SlDrvIsTimeoutExpired)
                  2000c3c4    0000008c                  : device.obj (.text:_sl_HandleAsync_InitComplete)
                  2000c450    0000008c     rtsv7M4_T_le_v4SPD16_eabi.lib : fputc.c.obj (.text:fputc)
                  2000c4dc    0000008c     simplelink.a : socket.obj (.text:sl_Socket)
                  2000c568    00000088     driverlib.a : pin.obj (.text:PinConfigSet)
                  2000c5f0    00000086     rtsv7M4_T_le_v4SPD16_eabi.lib : fd_cmp_t2.asm.obj (.text:__aeabi_cdcmple)
                  2000c676    00000086                                   : fd_cmp_t2.asm.obj (.text:__aeabi_cdrcmple)
                  2000c6fc    00000084     driverlib.a : i2c.obj (.text:I2CMasterInitExpClk)
                  2000c780    00000084     simplelink.a : wlan.obj (.text:sl_WlanRxFilterSet)
                  2000c804    00000082     driverlib.a : gpio.obj (.text:GPIOIntTypeSet)
                  2000c886    00000002     --HOLE-- [fill = 0]
                  2000c888    00000080     simplelink.a : socket.obj (.text:_sl_HandleAsync_Connect)
                  2000c908    00000080                  : cc_pal.obj (.text:spi_Read_CPU)
                  2000c988    00000080                  : cc_pal.obj (.text:spi_Write_CPU)
                  2000ca08    0000007a     rtsv7M4_T_le_v4SPD16_eabi.lib : memset_t2.asm.obj (.text)
                  2000ca82    00000002     --HOLE-- [fill = 0]
                  2000ca84    00000078     simplelink.a : cc_pal.obj (.text:spi_Close)
                  2000cafc    00000076     driverlib.a : uart.obj (.text:UARTConfigSetExpClk)
                  2000cb72    00000002     --HOLE-- [fill = 0]
                  2000cb74    00000074     simplelink.a : nonos.obj (.text:_SlNonOsMainLoopTask)
                  2000cbe8    00000074     rtsv7M4_T_le_v4SPD16_eabi.lib : fclose.c.obj (.text:__TI_closefile)
                  2000cc5c    00000070                                   : memory.c.obj (.text:split)
                  2000cccc    0000006e                                   : _printfi.c.obj (.text:_mcpy)
                  2000cd3a    00000002     --HOLE-- [fill = 0]
                  2000cd3c    0000006c                                   : hostrename.c.obj (.text:HOSTrename)
                  2000cda8    0000006c     simplelink.a : driver.obj (.text:_SlDrvCmdSend)
                  2000ce14    0000006c                  : netapp.obj (.text:_sl_NetAppSendTokenValue)
                  2000ce80    00000068     rtsv7M4_T_le_v4SPD16_eabi.lib : hostlseek.c.obj (.text:HOSTlseek)
                  2000cee8    00000068                                   : copy_decompress_lzss.c.obj (.text:decompress:lzss:__TI_decompress_lzss)
                  2000cf50    00000068                                   : printf.c.obj (.text:printf)
                  2000cfb8    00000064     simplelink.a : nonos.obj (.text:_SlNonOsSpawn)
                  2000d01c    00000064                  : socket.obj (.text:_sl_HandleAsync_Accept)
                  2000d080    00000064     rtsv7M4_T_le_v4SPD16_eabi.lib : s_frexp.c.obj (.text:frexp)
                  2000d0e4    00000064                                   : fseek.c.obj (.text:fseek)
                  2000d148    00000064     simplelink.a : netapp.obj (.text:sl_NetAppMDNSUnRegisterService)
                  2000d1ac    00000064     driverlib.a : udma.obj (.text:uDMAChannelAttributeDisable)
                  2000d210    00000064                 : udma.obj (.text:uDMAChannelAttributeEnable)
                  2000d274    00000062     rtsv7M4_T_le_v4SPD16_eabi.lib : _io_perm.c.obj (.text:__TI_wrt_ok)
                  2000d2d6    00000002     --HOLE-- [fill = 0]
                  2000d2d8    00000060                                   : hostopen.c.obj (.text:HOSTopen)
                  2000d338    00000060     simplelink.a : socket.obj (.text:sl_Close)
                  2000d398    00000060                  : wlan.obj (.text:sl_WlanProfileDel)
                  2000d3f8    00000060                  : wlan.obj (.text:sl_WlanSetMode)
                  2000d458    0000005c     rtsv7M4_T_le_v4SPD16_eabi.lib : close.c.obj (.text:close)
                  2000d4b4    00000058                                   : hostread.c.obj (.text:HOSTread)
                  2000d50c    00000058                                   : hostwrite.c.obj (.text:HOSTwrite)
                  2000d564    00000058     driverlib.a : interrupt.obj (.text:IntPendClear)
                  2000d5bc    00000058                 : prcm.obj (.text:PRCMPeripheralReset)
                  2000d614    00000056     rtsv7M4_T_le_v4SPD16_eabi.lib : _printfi.c.obj (.text:_pconv_f)
                  2000d66a    00000002     --HOLE-- [fill = 0]
                  2000d66c    00000054     driverlib.a : interrupt.obj (.text:IntPrioritySet)
                  2000d6c0    00000054     simplelink.a : driver.obj (.text:_SlDrvRxIrqHandler)
                  2000d714    00000054     rtsv7M4_T_le_v4SPD16_eabi.lib : _ltoa.c.obj (.text:__TI_ltoa)
                  2000d768    00000054     simplelink.a : socket.obj (.text:_sl_HandleAsync_Select)
                  2000d7bc    00000052     rtsv7M4_T_le_v4SPD16_eabi.lib : _printfi.c.obj (.text:_ecpy)
                  2000d80e    00000002     --HOLE-- [fill = 0]
                  2000d810    00000050     simplelink.a : device.obj (.text:_sl_HandleAsync_Stop)
                  2000d860    0000004c     driverlib.a : spi.obj (.text:SPIIntEnable)
                  2000d8ac    0000004c                 : spi.obj (.text:SPIIntNumberGet)
                  2000d8f8    0000004c     simplelink.a : driver.obj (.text:_SlDrvProtectAsyncRespSetting)
                  2000d944    0000004c     rtsv7M4_T_le_v4SPD16_eabi.lib : fflush.c.obj (.text:__TI_doflush)
                  2000d990    0000004c     simplelink.a : socket.obj (.text:_sl_BuildAddress)
                  2000d9dc    0000004c     rtsv7M4_T_le_v4SPD16_eabi.lib : atoi.c.obj (.text:atoi)
                  2000da28    0000004c     driverlib.a : udma.obj (.text:uDMAChannelAssign)
                  2000da74    00000048                 : gpio.obj (.text:GPIOGetIntNumber)
                  2000dabc    00000048                 : spi.obj (.text:SPIIntClear)
                  2000db04    00000048     simplelink.a : driver.obj (.text:_SlDrvBasicCmd)
                  2000db4c    00000048     rtsv7M4_T_le_v4SPD16_eabi.lib : exit.c.obj (.text:exit)
                  2000db94    00000048                                   : fd_toi_t2.asm.obj (.text)
                  2000dbdc    00000044                                   : hostclose.c.obj (.text:HOSTclose)
                  2000dc20    00000044                                   : hostunlink.c.obj (.text:HOSTunlink)
                  2000dc64    00000044     driverlib.a : spi.obj (.text:SPIDmaMaskGet)
                  2000dca8    00000044                 : timer.obj (.text:TimerConfigure)
                  2000dcec    00000044     simplelink.a : driver.obj (.text:_SlDrvHandleHttpServerEvents)
                  2000dd30    00000044                  : driver.obj (.text:_SlDrvSyncObjWaitTimeout)
                  2000dd74    00000044     rtsv7M4_T_le_v4SPD16_eabi.lib : autoinit.c.obj (.text:__TI_auto_init_nobinit_nopinit:__TI_auto_init_nobinit_nopinit)
                  2000ddb8    00000044     simplelink.a : cc_pal.obj (.text:cc_SetupTransfer)
                  2000ddfc    00000044     rtsv7M4_T_le_v4SPD16_eabi.lib : getdevice.c.obj (.text:getdevice)
                  2000de40    00000042     simplelink.a : socket.obj (.text:sl_Htonl)
                  2000de82    00000002     --HOLE-- [fill = 0]
                  2000de84    00000040     driverlib.a : pin.obj (.text:PinModeSet)
                  2000dec4    00000040     simplelink.a : driver.obj (.text:_SlDrvHandleNetAppEvents)
                  2000df04    00000040                  : driver.obj (.text:_SlDrvHandleWlanEvents)
                  2000df44    00000040                  : socket.obj (.text:_sl_TruncatePayloadByProtocol)
                  2000df84    00000040     rtsv7M4_T_le_v4SPD16_eabi.lib : sprintf.c.obj (.text:sprintf)
                  2000dfc4    00000040                                   : vsnprintf.c.obj (.text:vsnprintf)
                  2000e004    0000003e     simplelink.a : cc_pal.obj (.text:NwpRegisterInterruptHandler)
                  2000e042    0000003e     rtsv7M4_T_le_v4SPD16_eabi.lib : _printfi.c.obj (.text:_fcpy)
                  2000e080    0000003c     simplelink.a : netapp.obj (.text:CopyPingResultsToReport)
                  2000e0bc    0000003c     driverlib.a : prcm.obj (.text:PRCMPeripheralClkEnable)
                  2000e0f8    0000003c     simplelink.a : cc_pal.obj (.text:simplelink_timerA2_start)
                  2000e134    0000003c                  : socket.obj (.text:sl_Htons)
                  2000e170    0000003c     driverlib.a : udma.obj (.text:uDMAChannelControlSet)
                  2000e1ac    00000038     simplelink.a : cc_pal.obj (.text:NwpPowerOff)
                  2000e1e4    00000038     rtsv7M4_T_le_v4SPD16_eabi.lib : trgmsg.c.obj (.text:__TI_writemsg)
                  2000e21c    00000038     simplelink.a : wlan.obj (.text:sl_WlanDisconnect)
                  2000e254    00000036     driverlib.a : gpio.obj (.text:GPIODirModeSet)
                  2000e28a    00000036     rtsv7M4_T_le_v4SPD16_eabi.lib : strncpy.c.obj (.text:strncpy)
                  2000e2c0    00000034     driverlib.a : prcm.obj (.text:PRCMPeripheralStatusGet)
                  2000e2f4    00000034                 : spi.obj (.text:SPIFIFOLevelSet)
                  2000e328    00000034     rtsv7M4_T_le_v4SPD16_eabi.lib : fopen.c.obj (.text:__TI_cleanup)
                  2000e35c    00000034                                   : trgmsg.c.obj (.text:__TI_readmsg)
                  2000e390    00000034                                   : boot_cortex_m.c.obj (.text:_c_int00_noargs:_c_int00_noargs)
                  2000e3c4    00000030     driverlib.a : pin.obj (.text:PinTypeGPIO)
                  2000e3f4    00000030                 : uart.obj (.text:UARTDisable)
                  2000e424    00000030     rtsv7M4_T_le_v4SPD16_eabi.lib : vsnprintf.c.obj (.text:_outs)
                  2000e454    00000030                                   : getdevice.c.obj (.text:finddevice)
                  2000e484    0000002e                                   : i_tofd_t2.asm.obj (.text)
                  2000e4b2    0000002c     driverlib.a : i2c.obj (.text:I2CMasterErr)
                  2000e4de    00000002     --HOLE-- [fill = 0]
                  2000e4e0    0000002c     simplelink.a : cc_pal.obj (.text:NwpPowerOn)
                  2000e50c    0000002c     driverlib.a : prcm.obj (.text:PRCMSysResetCauseGet)
                  2000e538    0000002c     simplelink.a : driver.obj (.text:_SlDrvObjGlobalLockWaitForever)
                  2000e564    0000002c                  : driver.obj (.text:_SlDrvProtectionObjLockWaitForever)
                  2000e590    0000002c     rtsv7M4_T_le_v4SPD16_eabi.lib : unlink.c.obj (.text:unlink)
                  2000e5bc    0000002a     driverlib.a : timer.obj (.text:TimerLoadSet)
                  2000e5e6    0000002a                 : timer.obj (.text:TimerPrescaleSet)
                  2000e610    00000028                 : prcm.obj (.text:PRCMPeripheralClkDisable)
                  2000e638    00000028     simplelink.a : driver.obj (.text:_SlDrvGlobalObjUnLock)
                  2000e660    00000028                  : driver.obj (.text:_SlDrvProtectionObjUnLock)
                  2000e688    00000028                  : driver.obj (.text:_SlDrvSyncObjWaitForever)
                  2000e6b0    00000028     rtsv7M4_T_le_v4SPD16_eabi.lib : memory.c.obj (.text:free_list_insert)
                  2000e6d8    00000028                                   : lseek.c.obj (.text:lseek)
                  2000e700    00000028                                   : memmov.c.obj (.text:memmove)
                  2000e728    00000028                                   : write.c.obj (.text:write)
                  2000e750    00000026     simplelink.a : driver.obj (.text:_SlDrvObjLockWaitForever)
                  2000e776    00000026     network_common.obj (.text)
                  2000e79c    00000024     simplelink.a : cc_pal.obj (.text:DmaSpiSwIntHandler)
                  2000e7c0    00000024     driverlib.a : interrupt.obj (.text:IntUnregister)
                  2000e7e4    00000024                 : uart.obj (.text:UARTEnable)
                  2000e808    00000022                 : i2c.obj (.text:I2CMasterSlaveAddrSet)
                  2000e82a    00000022                 : spi.obj (.text:SPIReset)
                  2000e84c    00000022                 : spi.obj (.text:SPIWordCountSet)
                  2000e86e    00000020                 : gpio.obj (.text:GPIOPinWrite)
                  2000e88e    00000002     --HOLE-- [fill = 0]
                  2000e890    00000020                 : interrupt.obj (.text:IntRegister)
                  2000e8b0    00000020     simplelink.a : cc_pal.obj (.text:NwpPrePowerOffTimout0)
                  2000e8d0    00000020     driverlib.a : spi.obj (.text:SPIDataGet)
                  2000e8f0    00000020     simplelink.a : cc_pal.obj (.text:TimerGetCurrentTimestamp)
                  2000e910    00000020                  : driver.obj (.text:_SlDrvObjUnLock)
                  2000e930    00000020                  : driver.obj (.text:_SlDrvSyncObjSignal)
                  2000e950    00000020     rtsv7M4_T_le_v4SPD16_eabi.lib : memchr.c.obj (.text:memchr)
                  2000e970    0000001e     driverlib.a : gpio.obj (.text:GPIOIntRegister)
                  2000e98e    0000001e                 : i2c.obj (.text:I2CMasterIntStatusEx)
                  2000e9ac    0000001e                 : spi.obj (.text:SPIDataPut)
                  2000e9ca    0000001e                 : timer.obj (.text:TimerEnable)
                  2000e9e8    0000001e                 : uart.obj (.text:UARTCharPut)
                  2000ea06    0000001e     simplelink.a : cc_pal.obj (.text:cc_UDMAChannelSelect)
                  2000ea24    0000001c     driverlib.a : pin.obj (.text:PinTypeI2C)
                  2000ea40    0000001c                 : timer.obj (.text:TimerValueGet)
                  2000ea5c    0000001c                 : uart.obj (.text:UARTCharGetNonBlocking)
                  2000ea78    0000001c     simplelink.a : driver.obj (.text:_SlDrvStartMeasureTimeout)
                  2000ea94    0000001c     rtsv7M4_T_le_v4SPD16_eabi.lib : copy_zero_init.c.obj (.text:decompress:ZI:__TI_zero_init_nomemset:__TI_zero_init_nomemset)
                  2000eab0    0000001c                                   : memory.c.obj (.text:free_list_remove)
                  2000eacc    0000001c                                   : memccpy.c.obj (.text:memccpy)
                  2000eae8    0000001c     driverlib.a : udma.obj (.text:uDMAChannelEnable)
                  2000eb04    0000001a                 : gpio.obj (.text:GPIOIntEnable)
                  2000eb1e    0000001a                 : pin.obj (.text:PinTypeSPI)
                  2000eb38    0000001a                 : pin.obj (.text:PinTypeUART)
                  2000eb52    0000001a                 : spi.obj (.text:SPIDmaDisable)
                  2000eb6c    0000001a                 : spi.obj (.text:SPIDmaEnable)
                  2000eb86    0000001a                 : spi.obj (.text:SPIFIFODisable)
                  2000eba0    0000001a                 : spi.obj (.text:SPIFIFOEnable)
                  2000ebba    0000001a                 : spi.obj (.text:SPIIntUnregister)
                  2000ebd4    0000001a     rtsv7M4_T_le_v4SPD16_eabi.lib : s_copysign.c.obj (.text:copysign)
                  2000ebee    00000018     driverlib.a : gpio.obj (.text:GPIOPinRead)
                  2000ec06    00000018                 : i2c.obj (.text:I2CMasterIntEnableEx)
                  2000ec1e    00000018                 : spi.obj (.text:SPICSDisable)
                  2000ec36    00000018                 : spi.obj (.text:SPICSEnable)
                  2000ec4e    00000018                 : spi.obj (.text:SPIDisable)
                  2000ec66    00000018                 : spi.obj (.text:SPIEnable)
                  2000ec7e    00000018                 : uart.obj (.text:UARTCharsAvail)
                  2000ec96    00000018     simplelink.a : nonos.obj (.text:_SlNonOsSemSet)
                  2000ecae    00000018     rtsv7M4_T_le_v4SPD16_eabi.lib : vsnprintf.c.obj (.text:_outc)
                  2000ecc6    00000018                                   : sprintf.c.obj (.text:_outs)
                  2000ecde    00000002     --HOLE-- [fill = 0]
                  2000ece0    00000018     simplelink.a : device.obj (.text:_sl_GetStartResponseConvert)
                  2000ecf8    00000018     rtsv7M4_T_le_v4SPD16_eabi.lib : strcmp.c.obj (.text:strcmp)
                  2000ed10    00000016     driverlib.a : i2c.obj (.text:I2CMasterDataPut)
                  2000ed26    00000016                 : i2c.obj (.text:I2CMasterEnable)
                  2000ed3c    00000016                 : prcm.obj (.text:PRCMHIBRegRead)
                  2000ed52    00000016                 : prcm.obj (.text:PRCMHIBRegWrite)
                  2000ed68    00000016     simplelink.a : driver.obj (.text:_SlDrvMemZero)
                  2000ed7e    00000016     rtsv7M4_T_le_v4SPD16_eabi.lib : strchr.c.obj (.text:strchr)
                  2000ed94    00000014     driverlib.a : cpu.obj (.text:CPUcpsie)
                  2000eda8    00000014                 : gpio.obj (.text:GPIOIntClear)
                  2000edbc    00000014                 : interrupt.obj (.text:IntVTableBaseSet)
                  2000edd0    00000014     rtsv7M4_T_le_v4SPD16_eabi.lib : strcpy.c.obj (.text:strcpy)
                  2000ede4    00000014                                   : strlen.c.obj (.text:strlen)
                  2000edf8    00000012     driverlib.a : i2c.obj (.text:I2CMasterControl)
                  2000ee0a    00000012                 : i2c.obj (.text:I2CMasterIntClearEx)
                  2000ee1c    00000012                 : i2c.obj (.text:I2CMasterTimeoutSet)
                  2000ee2e    00000012     rtsv7M4_T_le_v4SPD16_eabi.lib : wcslen.c.obj (.text:wcslen)
                  2000ee40    00000010     simplelink.a : driver.obj (.text:_SlDrvDispatchHttpServerEvents)
                  2000ee50    0000000e     driverlib.a : i2c.obj (.text:I2CMasterDataGet)
                  2000ee5e    0000000e     simplelink.a : driver.obj (.text:_SlDrvResetCmdExt)
                  2000ee6c    0000000e     rtsv7M4_T_le_v4SPD16_eabi.lib : copy_decompress_none.c.obj (.text:decompress:none:__TI_decompress_none)
                  2000ee7a    0000000e     startup_ccs.obj (.text)
                  2000ee88    0000000c     simplelink.a : cc_pal.obj (.text:NwpMaskInterrupt)
                  2000ee94    0000000c                  : cc_pal.obj (.text:NwpUnMaskInterrupt)
                  2000eea0    0000000a     driverlib.a : interrupt.obj (.text:IntMasterEnable)
                  2000eeaa    0000000a     rtsv7M4_T_le_v4SPD16_eabi.lib : sprintf.c.obj (.text:_outc)
                  2000eeb4    00000008                                   : errno.c.obj (.text:__aeabi_errno_addr)
                  2000eebc    00000008                                   : memory.c.obj (.text:malloc)
                  2000eec4    00000006     driverlib.a : utils.obj (.text:UtilsDelay)
                  2000eeca    00000004     rtsv7M4_T_le_v4SPD16_eabi.lib : printf.c.obj (.text:_outc)
                  2000eece    00000004                                   : printf.c.obj (.text:_outs)
                  2000eed2    00000004                                   : pre_init.c.obj (.text:_system_pre_init)
                  2000eed6    00000004                                   : exit.c.obj (.text:abort:abort)

.const     0    2000eedc    00000b0c     
                  2000eedc    000004fb     Adafruit_GFX.obj (.const:.string:font)
                  2000f3d7    00000101     rtsv7M4_T_le_v4SPD16_eabi.lib : ctype.c.obj (.const:.string:_ctypes_)
                  2000f4d8    00000100     driverlib.a : pin.obj (.const:g_ulPinToPadMap)
                  2000f5d8    000000d4                 : interrupt.obj (.const:g_pulRegs)
                  2000f6ac    000000a8                 : prcm.obj (.const:PRCM_PeriphRegsList)
                  2000f754    0000003c     simplelink.a : driver.obj (.const:OpcodeTranslateTable)
                  2000f790    00000038                  : driver.obj (.const:_SlActionLookupTable)
                  2000f7c8    00000030     main.obj (.const:.string)
                  2000f7f8    0000002c     main.obj (.const:$P$T1$2)
                  2000f824    00000024     driverlib.a : spi.obj (.const:g_ppulSPIIntMap)
                  2000f848    00000022     main.obj (.const:.string:$P$T0$1)
                  2000f86a    00000002     --HOLE-- [fill = 0]
                  2000f86c    00000020     simplelink.a : driver.obj (.const:RxMsgClassLUT)
                  2000f88c    00000018     driverlib.a : interrupt.obj (.const:g_pulDisRegs)
                  2000f8a4    00000018                 : interrupt.obj (.const:g_pulEnRegs)
                  2000f8bc    00000018                 : interrupt.obj (.const:g_pulUnpendRegs)
                  2000f8d4    00000018                 : spi.obj (.const:g_ulSPIDmaMaskMap)
                  2000f8ec    00000015     main.obj (.const:.string:$P$T6$7)
                  2000f901    00000003     --HOLE-- [fill = 0]
                  2000f904    00000014     simplelink.a : driver.obj (.const:$P$T0$1)
                  2000f918    00000014                  : nonos.obj (.const:$P$T0$1)
                  2000f92c    00000014     main.obj (.const:$P$T2$3)
                  2000f940    00000010     simplelink.a : socket.obj (.const:.string:_SlPayloadByProtocolLUT)
                  2000f950    0000000c     main.obj (.const:$P$T4$5)
                  2000f95c    0000000c     main.obj (.const:.string:$P$T3$4)
                  2000f968    00000009     main.obj (.const:.string:$P$T5$6)
                  2000f971    00000008     simplelink.a : device.obj (.const:StartResponseLUT)
                  2000f979    00000003     --HOLE-- [fill = 0]
                  2000f97c    00000008                  : driver.obj (.const:g_H2NCnysPattern)
                  2000f984    00000008                  : driver.obj (.const:g_H2NSyncPattern)
                  2000f98c    00000005     main.obj (.const:.string:$P$T7$8)
                  2000f991    00000001     --HOLE-- [fill = 0]
                  2000f992    00000004     simplelink.a : wlan.obj (.const:$P$T0$1)
                  2000f996    00000004                  : socket.obj (.const:$P$T2$3)
                  2000f99a    00000004                  : device.obj (.const:_SlDeviceGetCmdCtrl)
                  2000f99e    00000004                  : device.obj (.const:_SlDeviceSetCmdCtrl)
                  2000f9a2    00000004                  : netapp.obj (.const:_SlGetHostByNameCtrl)
                  2000f9a6    00000004                  : netapp.obj (.const:_SlNetAppSendTokenValueCmdCtrl)
                  2000f9aa    00000004                  : netcfg.obj (.const:_SlNetCfgSetCmdCtrl)
                  2000f9ae    00000004                  : wlan.obj (.const:_SlPolicySetCmdCtrl)
                  2000f9b2    00000004                  : wlan.obj (.const:_SlProfileDelCmdCtrl)
                  2000f9b6    00000004                  : socket.obj (.const:_SlRecvCmdCtrl)
                  2000f9ba    00000004                  : netapp.obj (.const:_SlRegisterServiceCtrl)
                  2000f9be    00000004                  : wlan.obj (.const:_SlRxFilterSetCmdCtrl)
                  2000f9c2    00000004                  : socket.obj (.const:_SlSendCmdCtrl)
                  2000f9c6    00000004                  : socket.obj (.const:_SlSetSockOptCmdCtrl)
                  2000f9ca    00000004                  : socket.obj (.const:_SlSockCloseCmdCtrl)
                  2000f9ce    00000004                  : socket.obj (.const:_SlSockSocketCmdCtrl)
                  2000f9d2    00000004                  : device.obj (.const:_SlStopCmdCtrl)
                  2000f9d6    00000004                  : wlan.obj (.const:_SlWlanCfgSetCmdCtrl)
                  2000f9da    00000004                  : wlan.obj (.const:_SlWlanSetModeCmdCtrl)
                  2000f9de    00000002     --HOLE-- [fill = 0]
                  2000f9e0    00000004                  : driver.obj (.const:httpServer_callbacks)
                  2000f9e4    00000004                  : driver.obj (.const:netApp_callbacks)

.cinit     0    2000f9e8    000000c8     
                  2000f9e8    0000009d     (.cinit..data.load) [load image, compression = lzss]
                  2000fa85    00000003     --HOLE-- [fill = 0]
                  2000fa88    0000000c     (__TI_handler_table)
                  2000fa94    00000004     --HOLE-- [fill = 0]
                  2000fa98    00000008     (.cinit..bss.load) [load image, compression = zero_init]
                  2000faa0    00000010     (__TI_cinit_table)

.sysmem    0    20017000    00008000     UNINITIALIZED
                  20017000    00000010     rtsv7M4_T_le_v4SPD16_eabi.lib : memory.c.obj (.sysmem)
                  20017010    00007ff0     --HOLE--

.bss       0    2001f000    000003e2     UNINITIALIZED
                  2001f000    00000168     simplelink.a : driver.obj (.bss:g_StatMem)
                  2001f168    00000120     rtsv7M4_T_le_v4SPD16_eabi.lib : trgmsg.c.obj (.bss:_CIOBUF_)
                  2001f288    000000a0     (.common:__TI_tmpnams)
                  2001f328    00000050     (.common:g_ucDinDout)
                  2001f378    0000002c     (.common:g_time)
                  2001f3a4    00000024     (.common:g_ucConnectionSSID)
                  2001f3c8    00000008     (.common:g_ucConnectionBSSID)
                  2001f3d0    00000008     (.common:parmbuf)
                  2001f3d8    00000004     uart_if.obj (.bss)
                  2001f3dc    00000001     (.common:RxIrqCnt)
                  2001f3dd    00000001     (.common:g_bDeviceRestartIsRequired)
                  2001f3de    00000001     (.common:g_cDummy)
                  2001f3df    00000001     (.common:g_ucLED1Pin)
                  2001f3e0    00000001     (.common:g_ucLED2Pin)
                  2001f3e1    00000001     (.common:g_ucLED3Pin)

.data      0    2001f3e4    0000028c     UNINITIALIZED
                  2001f3e4    000000f0     rtsv7M4_T_le_v4SPD16_eabi.lib : defs.c.obj (.data:_ftable)
                  2001f4d4    00000078                                   : host_device.c.obj (.data:_device)
                  2001f54c    00000050                                   : host_device.c.obj (.data:_stream)
                  2001f59c    0000003c     simplelink.a : nonos.obj (.data:g__SlNonOsCB)
                  2001f5d8    00000015     Adafruit_GFX.obj (.data)
                  2001f5ed    00000003     --HOLE--
                  2001f5f0    00000014     gpio_if.obj (.data:ulReg)
                  2001f604    00000010     main.obj (.data)
                  2001f614    00000010     rtsv7M4_T_le_v4SPD16_eabi.lib : defs.c.obj (.data)
                  2001f624    0000000d     simplelink.a : driver.obj (.data)
                  2001f631    00000003     --HOLE--
                  2001f634    0000000c     rtsv7M4_T_le_v4SPD16_eabi.lib : exit.c.obj (.data:$O1$$)
                  2001f640    0000000c     gpio_if.obj (.data)
                  2001f64c    00000009     simplelink.a : cc_pal.obj (.data)
                  2001f655    00000003     --HOLE--
                  2001f658    00000008     rtsv7M4_T_le_v4SPD16_eabi.lib : _lock.c.obj (.data:$O1$$)
                  2001f660    00000008                                   : memory.c.obj (.data:$O1$$)
                  2001f668    00000004                                   : errno.c.obj (.data)
                  2001f66c    00000004     simplelink.a : driver.obj (.data:wlan_callbacks)

.stack     0    2002f000    00001000     UNINITIALIZED
                  2002f000    00000004     rtsv7M4_T_le_v4SPD16_eabi.lib : boot_cortex_m.c.obj (.stack)
                  2002f004    00000ffc     --HOLE--

__llvm_prf_cnts 
*          0    20017000    00000000     UNINITIALIZED

MODULE SUMMARY

       Module                       code    ro data   rw data
       ------                       ----    -------   -------
    .\
       main.obj                     5292    205       104    
       Adafruit_GFX.obj             2688    1275      21     
       Adafruit_OLED.obj            1158    0         0      
       startup_ccs.obj              14      1024      0      
       gpio_if.obj                  920     0         35     
       i2c_if.obj                   692     0         0      
       uart_if.obj                  636     0         4      
       pin_mux_config.obj           268     0         0      
       network_common.obj           38      0         0      
    +--+----------------------------+-------+---------+---------+
       Total:                       11706   2504      164    
                                                             
    C:/ti/CC3200SDK_1.5.0/cc3200-sdk/driverlib/ccs/Release/driverlib.a
       prcm.obj                     852     168       0      
       spi.obj                      860     60        0      
       interrupt.obj                608     284       0      
       udma.obj                     604     0         0      
       pin.obj                      328     256       0      
       gpio.obj                     388     0         0      
       i2c.obj                      376     0         0      
       uart.obj                     284     0         0      
       timer.obj                    210     0         0      
       cpu.obj                      20      0         0      
       utils.obj                    6       0         0      
    +--+----------------------------+-------+---------+---------+
       Total:                       4536    768       0      
                                                             
    C:/ti/CC3200SDK_1.5.0/cc3200-sdk/simplelink/ccs/NON_OS/simplelink.a
       driver.obj                   7906    192       379    
       cc_pal.obj                   1820    0         90     
       socket.obj                   1830    40        0      
       netapp.obj                   1572    12        0      
       wlan.obj                     1316    24        0      
       device.obj                   1230    20        0      
       nonos.obj                    416     20        60     
       netcfg.obj                   152     4         0      
    +--+----------------------------+-------+---------+---------+
       Total:                       16242   312       529    
                                                             
    C:\ti\ccs1020\ccs\tools\compiler\ti-cgt-arm_20.2.2.LTS\lib\rtsv7M4_T_le_v4SPD16_eabi.lib
       _printfi.c.obj               4851    0         0      
       memory.c.obj                 900     0         8      
       fd_add_t2.asm.obj            438     0         0      
       defs.c.obj                   0       0         416    
       trgmsg.c.obj                 108     0         288    
       fd_div_t2.asm.obj            310     0         0      
       fputs.c.obj                  276     0         0      
       s_scalbn.c.obj               272     0         0      
       fd_cmp_t2.asm.obj            268     0         0      
       ctype.c.obj                  0       257       0      
       fd_mul_t2.asm.obj            252     0         0      
       setvbuf.c.obj                220     0         0      
       host_device.c.obj            0       0         200    
       memcpy_t2.asm.obj            156     0         0      
       ull_div_t2.asm.obj           150     0         0      
       fputc.c.obj                  140     0         0      
       vsnprintf.c.obj              136     0         0      
       memset_t2.asm.obj            122     0         0      
       fclose.c.obj                 116     0         0      
       getdevice.c.obj              116     0         0      
       printf.c.obj                 112     0         0      
       hostrename.c.obj             108     0         0      
       copy_decompress_lzss.c.obj   104     0         0      
       hostlseek.c.obj              104     0         0      
       hostopen.c.obj               96      0         8      
       fseek.c.obj                  100     0         0      
       s_frexp.c.obj                100     0         0      
       _io_perm.c.obj               98      0         0      
       sprintf.c.obj                98      0         0      
       close.c.obj                  92      0         0      
       exit.c.obj                   76      0         12     
       hostread.c.obj               88      0         0      
       hostwrite.c.obj              88      0         0      
       _ltoa.c.obj                  84      0         0      
       atoi.c.obj                   76      0         0      
       fflush.c.obj                 76      0         0      
       fd_toi_t2.asm.obj            72      0         0      
       autoinit.c.obj               68      0         0      
       hostclose.c.obj              68      0         0      
       hostunlink.c.obj             68      0         0      
       strncpy.c.obj                54      0         0      
       boot_cortex_m.c.obj          52      0         0      
       fopen.c.obj                  52      0         0      
       i_tofd_t2.asm.obj            46      0         0      
       unlink.c.obj                 44      0         0      
       lseek.c.obj                  40      0         0      
       memmov.c.obj                 40      0         0      
       write.c.obj                  40      0         0      
       memchr.c.obj                 32      0         0      
       copy_zero_init.c.obj         28      0         0      
       memccpy.c.obj                28      0         0      
       s_copysign.c.obj             26      0         0      
       strcmp.c.obj                 24      0         0      
       strchr.c.obj                 22      0         0      
       strcpy.c.obj                 20      0         0      
       strlen.c.obj                 20      0         0      
       wcslen.c.obj                 18      0         0      
       copy_decompress_none.c.obj   14      0         0      
       errno.c.obj                  8       0         4      
       _lock.c.obj                  2       0         8      
       pre_init.c.obj               4       0         0      
       div0.asm.obj                 2       0         0      
    +--+----------------------------+-------+---------+---------+
       Total:                       11223   257       944    
                                                             
       Heap:                        0       0         32768  
       Stack:                       0       0         4096   
       Linker Generated:            0       193       0      
    +--+----------------------------+-------+---------+---------+
       Grand Total:                 43707   4034      38501  


LINKER GENERATED COPY TABLES

__TI_cinit_table @ 2000faa0 records: 2, size/record: 8, table size: 16
	.data: load addr=2000f9e8, load size=0000009d bytes, run addr=2001f3e4, run size=0000028c bytes, compression=lzss
	.bss: load addr=2000fa98, load size=00000008 bytes, run addr=2001f000, run size=000003e2 bytes, compression=zero_init


LINKER GENERATED HANDLER TABLE

__TI_handler_table @ 2000fa88 records: 3, size/record: 4, table size: 12
	index: 0, handler: __TI_decompress_lzss
	index: 1, handler: __TI_decompress_none
	index: 2, handler: __TI_zero_init


GLOBAL SYMBOLS: SORTED ALPHABETICALLY BY Name 

address   name                                  
-------   ----                                  
20007379  Adafruit_Init                         
2000eed7  C$$EXIT                               
2000e213  C$$IO$$                               
2000ed95  CPUcpsie                              
200080a1  ClearTerm                             
200074ef  Color565                              
2000e79d  DmaSpiSwIntHandler                    
200080ab  Error                                 
2000e255  GPIODirModeSet                        
2000eda9  GPIOIntClear                          
2000eb05  GPIOIntEnable                         
2000e971  GPIOIntRegister                       
2000c805  GPIOIntTypeSet                        
2000ebef  GPIOPinRead                           
2000e86f  GPIOPinWrite                          
20007a55  GPIO_IF_ConfigureNIntEnable           
20007ae1  GPIO_IF_Get                           
20007a0f  GPIO_IF_GetPortNPin                   
200077d1  GPIO_IF_LedConfigure                  
200078c3  GPIO_IF_LedOff                        
2000780f  GPIO_IF_LedOn                         
20007977  GPIO_IF_LedStatus                     
200079e1  GPIO_IF_LedToggle                     
20007a9d  GPIO_IF_Set                           
200080e3  GetCmd                                
2000dbdd  HOSTclose                             
2000ce81  HOSTlseek                             
2000d2d9  HOSTopen                              
2000d4b5  HOSTread                              
2000cd3d  HOSTrename                            
2000dc21  HOSTunlink                            
2000d50d  HOSTwrite                             
2000edf9  I2CMasterControl                      
2000ee51  I2CMasterDataGet                      
2000ed11  I2CMasterDataPut                      
2000ed27  I2CMasterEnable                       
2000e4b3  I2CMasterErr                          
2000c6fd  I2CMasterInitExpClk                   
2000ee0b  I2CMasterIntClearEx                   
2000ec07  I2CMasterIntEnableEx                  
2000e98f  I2CMasterIntStatusEx                  
2000e809  I2CMasterSlaveAddrSet                 
2000ee1d  I2CMasterTimeoutSet                   
20007dcb  I2C_IF_Close                          
20007d65  I2C_IF_Open                           
20007c63  I2C_IF_Read                           
20007d1f  I2C_IF_ReadFrom                       
20007bb3  I2C_IF_Write                          
20008061  InitTerm                              
2000b7e1  IntDisable                            
2000b889  IntEnable                             
2000eea1  IntMasterEnable                       
2000d565  IntPendClear                          
2000d66d  IntPrioritySet                        
2000e891  IntRegister                           
2000e7c1  IntUnregister                         
2000edbd  IntVTableBaseSet                      
2000807f  Message                               
2000ee89  NwpMaskInterrupt                      
2000e1ad  NwpPowerOff                           
2000e4e1  NwpPowerOn                            
2000e8b1  NwpPrePowerOffTimout0                 
2000e005  NwpRegisterInterruptHandler           
2000ee95  NwpUnMaskInterrupt                    
2000f754  OpcodeTranslateTable                  
20006257  Outstr                                
2000953d  PRCMCC3200MCUInit                     
2000ed3d  PRCMHIBRegRead                        
2000ed53  PRCMHIBRegWrite                       
2000e611  PRCMPeripheralClkDisable              
2000e0bd  PRCMPeripheralClkEnable               
2000bfdd  PRCMPeripheralClockGet                
2000d5bd  PRCMPeripheralReset                   
2000e2c1  PRCMPeripheralStatusGet               
2000e50d  PRCMSysResetCauseGet                  
2000c569  PinConfigSet                          
2000de85  PinModeSet                            
2000a565  PinMuxConfig                          
2000e3c5  PinTypeGPIO                           
2000ea25  PinTypeI2C                            
2000eb1f  PinTypeSPI                            
2000eb39  PinTypeUART                           
20008221  Report                                
2000ee7b  ResetISR                              
2001f3dc  RxIrqCnt                              
2000ec1f  SPICSDisable                          
2000ec37  SPICSEnable                           
2000b9d5  SPIConfigSetExpClk                    
2000e8d1  SPIDataGet                            
2000e9ad  SPIDataPut                            
2000ec4f  SPIDisable                            
2000eb53  SPIDmaDisable                         
2000eb6d  SPIDmaEnable                          
2000ec67  SPIEnable                             
2000eb87  SPIFIFODisable                        
2000eba1  SPIFIFOEnable                         
2000e2f5  SPIFIFOLevelSet                       
2000dabd  SPIIntClear                           
2000d861  SPIIntEnable                          
2000ebbb  SPIIntUnregister                      
2000e82b  SPIReset                              
2000e84d  SPIWordCountSet                       
200045d5  SimpleLinkGeneralEventHandler         
200045b1  SimpleLinkHttpServerCallback          
2000450f  SimpleLinkNetAppEventHandler          
200045f5  SimpleLinkSockEventHandler            
20004401  SimpleLinkWlanEventHandler            
2000dca9  TimerConfigure                        
2000e9cb  TimerEnable                           
2000e8f1  TimerGetCurrentTimestamp              
2000e5bd  TimerLoadSet                          
2000e5e7  TimerPrescaleSet                      
2000ea41  TimerValueGet                         
20008189  TrimSpace                             
2000ea5d  UARTCharGetNonBlocking                
2000e9e9  UARTCharPut                           
2000ec7f  UARTCharsAvail                        
2000cafd  UARTConfigSetExpClk                   
2000e3f5  UARTDisable                           
2000e7e5  UARTEnable                            
2000eec5  UtilsDelay                            
2000f790  _SlActionLookupTable                  
2000b931  _SlDriverHandleError                  
2000db05  _SlDrvBasicCmd                        
2000b5bd  _SlDrvCmdOp                           
2000cda9  _SlDrvCmdSend                         
20008795  _SlDrvDataReadOp                      
20009825  _SlDrvDataWriteOp                     
2000bbb1  _SlDrvDeviceEventHandler              
2000ee41  _SlDrvDispatchHttpServerEvents        
2000a0ed  _SlDrvDriverCBDeinit                  
20008ed1  _SlDrvDriverCBInit                    
2000e639  _SlDrvGlobalObjUnLock                 
2000dced  _SlDrvHandleHttpServerEvents          
2000dec5  _SlDrvHandleNetAppEvents              
2000df05  _SlDrvHandleWlanEvents                
2000c339  _SlDrvIsTimeoutExpired                
2000ed69  _SlDrvMemZero                         
2000ae15  _SlDrvMsgReadSpawnCtx                 
2000a671  _SlDrvNetAppEventHandler              
2000e751  _SlDrvObjLockWaitForever              
2000e911  _SlDrvObjUnLock                       
2000d8f9  _SlDrvProtectAsyncRespSetting         
2000e565  _SlDrvProtectionObjLockWaitForever    
2000e661  _SlDrvProtectionObjUnLock             
20008979  _SlDrvReleasePoolObj                  
2000ee5f  _SlDrvResetCmdExt                     
2000d6c1  _SlDrvRxIrqHandler                    
2000ea79  _SlDrvStartMeasureTimeout             
2000e931  _SlDrvSyncObjSignal                   
2000e689  _SlDrvSyncObjWaitForever              
2000dd31  _SlDrvSyncObjWaitTimeout              
20009221  _SlDrvWaitForPoolObj                  
2000f9a6  _SlNetAppSendTokenValueCmdCtrl        
2000cb75  _SlNonOsMainLoopTask                  
2000b731  _SlNonOsSemGet                        
2000ec97  _SlNonOsSemSet                        
2000cfb9  _SlNonOsSpawn                         
2001f168  __CIOBUF_                             
20030000  __STACK_END                           
00001000  __STACK_SIZE                          
00008000  __SYSMEM_SIZE                         
2000faa0  __TI_CINIT_Base                       
2000fab0  __TI_CINIT_Limit                      
2000fa88  __TI_Handler_Table_Base               
2000fa94  __TI_Handler_Table_Limit              
2000dd75  __TI_auto_init_nobinit_nopinit        
2000e329  __TI_cleanup                          
2001f634  __TI_cleanup_ptr                      
2000cbe9  __TI_closefile                        
2000cee9  __TI_decompress_lzss                  
2000ee6d  __TI_decompress_none                  
2000d945  __TI_doflush                          
2001f638  __TI_dtors_ptr                        
2001f63c  __TI_enable_exit_profile_output       
2001f614  __TI_ft_end                           
2000d715  __TI_ltoa                             
ffffffff  __TI_pprof_out_hndl                   
2000632d  __TI_printfi                          
ffffffff  __TI_prof_data_size                   
ffffffff  __TI_prof_data_start                  
2000e35d  __TI_readmsg                          
2000f9e8  __TI_static_base__                    
2001f288  __TI_tmpnams                          
2000e1e5  __TI_writemsg                         
2000d275  __TI_wrt_ok                           
2000ea95  __TI_zero_init_nomemset               
2000c5f1  __aeabi_cdcmpeq                       
2000c5f1  __aeabi_cdcmple                       
2000c677  __aeabi_cdrcmple                      
2000db95  __aeabi_d2iz                          
20008d23  __aeabi_dadd                          
20009e81  __aeabi_ddiv                          
2000a875  __aeabi_dmul                          
20008d19  __aeabi_dsub                          
2000eeb5  __aeabi_errno_addr                    
2000e485  __aeabi_i2d                           
20008ecf  __aeabi_idiv0                         
20008ecf  __aeabi_ldiv0                         
2000ca09  __aeabi_memclr                        
2000ca09  __aeabi_memclr4                       
2000ca09  __aeabi_memclr8                       
2000bb15  __aeabi_memcpy                        
2000bb15  __aeabi_memcpy4                       
2000bb15  __aeabi_memcpy8                       
2000ca0b  __aeabi_memset                        
2000ca0b  __aeabi_memset4                       
2000ca0b  __aeabi_memset8                       
2001f620  __aeabi_stderr                        
2001f618  __aeabi_stdin                         
2001f61c  __aeabi_stdout                        
2000bf45  __aeabi_uldivmod                      
ffffffff  __binit__                             
ffffffff  __c_args__                            
UNDEFED   __mpu_init                            
2002f000  __stack                               
20017000  __start___llvm_prf_cnts               
20017000  __stop___llvm_prf_cnts                
2000e391  _c_int00_noargs                       
2000f3d7  _ctypes_                              
2001f4d4  _device                               
2001f3e4  _ftable                               
2001f658  _lock                                 
20007793  _nop                                  
2000d01d  _sl_HandleAsync_Accept                
2000c889  _sl_HandleAsync_Connect               
2000c071  _sl_HandleAsync_DnsGetHostByName      
2000b361  _sl_HandleAsync_DnsGetHostByService   
2000c3c5  _sl_HandleAsync_InitComplete          
2000c101  _sl_HandleAsync_PingResponse          
2000d769  _sl_HandleAsync_Select                
2000d811  _sl_HandleAsync_Stop                  
2000ce15  _sl_NetAppSendTokenValue              
2001f54c  _stream                               
20017000  _sys_memory                           
UNDEFED   _system_post_cinit                    
2000eed3  _system_pre_init                      
2001f65c  _unlock                               
2000eed7  abort                                 
2000a775  aligned_alloc                         
2000d9dd  atoi                                  
ffffffff  binit                                 
2000d459  close                                 
2000ebd5  copysign                              
2000ebd5  copysignl                             
2001f5d8  cursor_x                              
2001f5dc  cursor_y                              
2000610b  drawChar                              
200058ad  drawCircle                            
200059e1  drawCircleHelper                      
2000769d  drawFastHLine                         
200075fd  drawFastVLine                         
20005c27  drawLine                              
20007739  drawPixel                             
20005d13  drawRect                              
20005d61  drawRoundRect                         
20005ec9  drawTriangle                          
2001f668  errno                                 
2000db4d  exit                                  
20005aff  fillCircle                            
20005b39  fillCircleHelper                      
20007547  fillRect                              
20005e4f  fillRoundRect                         
20007531  fillScreen                            
20005f0b  fillTriangle                          
2000e455  finddevice                            
2000c451  fputc                                 
2000a341  fputs                                 
2000aefd  free                                  
2000d081  frexp                                 
2000d081  frexpl                                
2000d0e5  fseek                                 
2001f610  g_Host                                
2001f624  g_SlDeviceStatus                      
2001f64c  g_SpiFd                               
2001f59c  g__SlNonOsCB                          
2001f3dd  g_bDeviceRestartIsRequired            
2001f3de  g_cDummy                              
2001f628  g_pCB                                 
2001f650  g_pHostIntHdl                         
20004000  g_pfnVectors                          
2001f378  g_time                                
2001f3c8  g_ucConnectionBSSID                   
2001f3a4  g_ucConnectionSSID                    
2001f654  g_ucDMAEnabled                        
2001f328  g_ucDinDout                           
2001f3df  g_ucLED1Pin                           
2001f3e0  g_ucLED2Pin                           
2001f3e1  g_ucLED3Pin                           
2001f640  g_uiLED1Port                          
2001f644  g_uiLED2Port                          
2001f648  g_uiLED3Port                          
2001f60c  g_ulGatewayIP                         
2001f608  g_ulPingPacketsRecv                   
2001f604  g_ulStatus                            
2000ddfd  getdevice                             
200074ab  goTo                                  
2000630b  height                                
20007777  invert                                
2000a455  ldexp                                 
2000a455  ldexpl                                
2000e6d9  lseek                                 
20005301  main                                  
2000eebd  malloc                                
2000a775  memalign                              
2000eacd  memccpy                               
2000e951  memchr                                
2000bb15  memcpy                                
2000e701  memmove                               
2000ca11  memset                                
2001f62c  pPingCallBackFunc                     
2001f3d0  parmbuf                               
20004fe1  printErrConvenience                   
2000cf51  printf                                
2000c451  putc                                  
2000afe1  realloc                               
2000e591  remove                                
2000a455  scalbn                                
2000a455  scalbnl                               
200062a3  setCursor                             
200062db  setTextColor                          
200062bb  setTextSize                           
200062f3  setTextWrap                           
2000b285  setvbuf                               
2000e0f9  simplelink_timerA2_start              
2000d339  sl_Close                              
200093b1  sl_Connect                            
2000b42d  sl_DevGet                             
2000bc4d  sl_DevSet                             
2000de41  sl_Htonl                              
2000e135  sl_Htons                              
20009c01  sl_NetAppDnsGetHostByName             
2000b0c5  sl_NetAppMDNSRegisterUnregisterService
2000d149  sl_NetAppMDNSUnRegisterService        
2000bce5  sl_NetCfgSet                          
2000e777  sl_Provisioning_HttpServerEventHdl    
2000e785  sl_Provisioning_NetAppEventHdl        
2000e791  sl_Provisioning_WlanEventHdl          
2000ba75  sl_Recv                               
20009fb9  sl_Send                               
2000bd7d  sl_SetSockOpt                         
2000c4dd  sl_Socket                             
2000ac41  sl_Start                              
2000a971  sl_Stop                               
20007de1  sl_WlanConnect                        
2000e21d  sl_WlanDisconnect                     
2000c191  sl_WlanPolicySet                      
2000d399  sl_WlanProfileDel                     
2000c781  sl_WlanRxFilterSet                    
2000be15  sl_WlanSet                            
2000d3f9  sl_WlanSetMode                        
2000ca85  spi_Close                             
20009975  spi_Open                              
2000aa61  spi_Read                              
2000bead  spi_Write                             
2000df85  sprintf                               
2000ed7f  strchr                                
2000ecf9  strcmp                                
2000edd1  strcpy                                
2000ede5  strlen                                
2000e28b  strncpy                               
2001f5e8  textbgcolor                           
2001f5e4  textcolor                             
2001f5e0  textsize                              
2000da29  uDMAChannelAssign                     
2000d1ad  uDMAChannelAttributeDisable           
2000d211  uDMAChannelAttributeEnable            
2000e171  uDMAChannelControlSet                 
2000eae9  uDMAChannelEnable                     
2000ab51  uDMAChannelTransferSet                
2000e591  unlink                                
2000dfc5  vsnprintf                             
2000ee2f  wcslen                                
20006307  width                                 
2001f5ec  wrap                                  
2000e729  write                                 
2000730d  writeCommand                          
20007343  writeData                             


GLOBAL SYMBOLS: SORTED BY Symbol Address 

address   name                                  
-------   ----                                  
00001000  __STACK_SIZE                          
00008000  __SYSMEM_SIZE                         
20004000  g_pfnVectors                          
20004401  SimpleLinkWlanEventHandler            
2000450f  SimpleLinkNetAppEventHandler          
200045b1  SimpleLinkHttpServerCallback          
200045d5  SimpleLinkGeneralEventHandler         
200045f5  SimpleLinkSockEventHandler            
20004fe1  printErrConvenience                   
20005301  main                                  
200058ad  drawCircle                            
200059e1  drawCircleHelper                      
20005aff  fillCircle                            
20005b39  fillCircleHelper                      
20005c27  drawLine                              
20005d13  drawRect                              
20005d61  drawRoundRect                         
20005e4f  fillRoundRect                         
20005ec9  drawTriangle                          
20005f0b  fillTriangle                          
2000610b  drawChar                              
20006257  Outstr                                
200062a3  setCursor                             
200062bb  setTextSize                           
200062db  setTextColor                          
200062f3  setTextWrap                           
20006307  width                                 
2000630b  height                                
2000632d  __TI_printfi                          
2000730d  writeCommand                          
20007343  writeData                             
20007379  Adafruit_Init                         
200074ab  goTo                                  
200074ef  Color565                              
20007531  fillScreen                            
20007547  fillRect                              
200075fd  drawFastVLine                         
2000769d  drawFastHLine                         
20007739  drawPixel                             
20007777  invert                                
20007793  _nop                                  
200077d1  GPIO_IF_LedConfigure                  
2000780f  GPIO_IF_LedOn                         
200078c3  GPIO_IF_LedOff                        
20007977  GPIO_IF_LedStatus                     
200079e1  GPIO_IF_LedToggle                     
20007a0f  GPIO_IF_GetPortNPin                   
20007a55  GPIO_IF_ConfigureNIntEnable           
20007a9d  GPIO_IF_Set                           
20007ae1  GPIO_IF_Get                           
20007bb3  I2C_IF_Write                          
20007c63  I2C_IF_Read                           
20007d1f  I2C_IF_ReadFrom                       
20007d65  I2C_IF_Open                           
20007dcb  I2C_IF_Close                          
20007de1  sl_WlanConnect                        
20008061  InitTerm                              
2000807f  Message                               
200080a1  ClearTerm                             
200080ab  Error                                 
200080e3  GetCmd                                
20008189  TrimSpace                             
20008221  Report                                
20008795  _SlDrvDataReadOp                      
20008979  _SlDrvReleasePoolObj                  
20008d19  __aeabi_dsub                          
20008d23  __aeabi_dadd                          
20008ecf  __aeabi_idiv0                         
20008ecf  __aeabi_ldiv0                         
20008ed1  _SlDrvDriverCBInit                    
20009221  _SlDrvWaitForPoolObj                  
200093b1  sl_Connect                            
2000953d  PRCMCC3200MCUInit                     
20009825  _SlDrvDataWriteOp                     
20009975  spi_Open                              
20009c01  sl_NetAppDnsGetHostByName             
20009e81  __aeabi_ddiv                          
20009fb9  sl_Send                               
2000a0ed  _SlDrvDriverCBDeinit                  
2000a341  fputs                                 
2000a455  ldexp                                 
2000a455  ldexpl                                
2000a455  scalbn                                
2000a455  scalbnl                               
2000a565  PinMuxConfig                          
2000a671  _SlDrvNetAppEventHandler              
2000a775  aligned_alloc                         
2000a775  memalign                              
2000a875  __aeabi_dmul                          
2000a971  sl_Stop                               
2000aa61  spi_Read                              
2000ab51  uDMAChannelTransferSet                
2000ac41  sl_Start                              
2000ae15  _SlDrvMsgReadSpawnCtx                 
2000aefd  free                                  
2000afe1  realloc                               
2000b0c5  sl_NetAppMDNSRegisterUnregisterService
2000b285  setvbuf                               
2000b361  _sl_HandleAsync_DnsGetHostByService   
2000b42d  sl_DevGet                             
2000b5bd  _SlDrvCmdOp                           
2000b731  _SlNonOsSemGet                        
2000b7e1  IntDisable                            
2000b889  IntEnable                             
2000b931  _SlDriverHandleError                  
2000b9d5  SPIConfigSetExpClk                    
2000ba75  sl_Recv                               
2000bb15  __aeabi_memcpy                        
2000bb15  __aeabi_memcpy4                       
2000bb15  __aeabi_memcpy8                       
2000bb15  memcpy                                
2000bbb1  _SlDrvDeviceEventHandler              
2000bc4d  sl_DevSet                             
2000bce5  sl_NetCfgSet                          
2000bd7d  sl_SetSockOpt                         
2000be15  sl_WlanSet                            
2000bead  spi_Write                             
2000bf45  __aeabi_uldivmod                      
2000bfdd  PRCMPeripheralClockGet                
2000c071  _sl_HandleAsync_DnsGetHostByName      
2000c101  _sl_HandleAsync_PingResponse          
2000c191  sl_WlanPolicySet                      
2000c339  _SlDrvIsTimeoutExpired                
2000c3c5  _sl_HandleAsync_InitComplete          
2000c451  fputc                                 
2000c451  putc                                  
2000c4dd  sl_Socket                             
2000c569  PinConfigSet                          
2000c5f1  __aeabi_cdcmpeq                       
2000c5f1  __aeabi_cdcmple                       
2000c677  __aeabi_cdrcmple                      
2000c6fd  I2CMasterInitExpClk                   
2000c781  sl_WlanRxFilterSet                    
2000c805  GPIOIntTypeSet                        
2000c889  _sl_HandleAsync_Connect               
2000ca09  __aeabi_memclr                        
2000ca09  __aeabi_memclr4                       
2000ca09  __aeabi_memclr8                       
2000ca0b  __aeabi_memset                        
2000ca0b  __aeabi_memset4                       
2000ca0b  __aeabi_memset8                       
2000ca11  memset                                
2000ca85  spi_Close                             
2000cafd  UARTConfigSetExpClk                   
2000cb75  _SlNonOsMainLoopTask                  
2000cbe9  __TI_closefile                        
2000cd3d  HOSTrename                            
2000cda9  _SlDrvCmdSend                         
2000ce15  _sl_NetAppSendTokenValue              
2000ce81  HOSTlseek                             
2000cee9  __TI_decompress_lzss                  
2000cf51  printf                                
2000cfb9  _SlNonOsSpawn                         
2000d01d  _sl_HandleAsync_Accept                
2000d081  frexp                                 
2000d081  frexpl                                
2000d0e5  fseek                                 
2000d149  sl_NetAppMDNSUnRegisterService        
2000d1ad  uDMAChannelAttributeDisable           
2000d211  uDMAChannelAttributeEnable            
2000d275  __TI_wrt_ok                           
2000d2d9  HOSTopen                              
2000d339  sl_Close                              
2000d399  sl_WlanProfileDel                     
2000d3f9  sl_WlanSetMode                        
2000d459  close                                 
2000d4b5  HOSTread                              
2000d50d  HOSTwrite                             
2000d565  IntPendClear                          
2000d5bd  PRCMPeripheralReset                   
2000d66d  IntPrioritySet                        
2000d6c1  _SlDrvRxIrqHandler                    
2000d715  __TI_ltoa                             
2000d769  _sl_HandleAsync_Select                
2000d811  _sl_HandleAsync_Stop                  
2000d861  SPIIntEnable                          
2000d8f9  _SlDrvProtectAsyncRespSetting         
2000d945  __TI_doflush                          
2000d9dd  atoi                                  
2000da29  uDMAChannelAssign                     
2000dabd  SPIIntClear                           
2000db05  _SlDrvBasicCmd                        
2000db4d  exit                                  
2000db95  __aeabi_d2iz                          
2000dbdd  HOSTclose                             
2000dc21  HOSTunlink                            
2000dca9  TimerConfigure                        
2000dced  _SlDrvHandleHttpServerEvents          
2000dd31  _SlDrvSyncObjWaitTimeout              
2000dd75  __TI_auto_init_nobinit_nopinit        
2000ddfd  getdevice                             
2000de41  sl_Htonl                              
2000de85  PinModeSet                            
2000dec5  _SlDrvHandleNetAppEvents              
2000df05  _SlDrvHandleWlanEvents                
2000df85  sprintf                               
2000dfc5  vsnprintf                             
2000e005  NwpRegisterInterruptHandler           
2000e0bd  PRCMPeripheralClkEnable               
2000e0f9  simplelink_timerA2_start              
2000e135  sl_Htons                              
2000e171  uDMAChannelControlSet                 
2000e1ad  NwpPowerOff                           
2000e1e5  __TI_writemsg                         
2000e213  C$$IO$$                               
2000e21d  sl_WlanDisconnect                     
2000e255  GPIODirModeSet                        
2000e28b  strncpy                               
2000e2c1  PRCMPeripheralStatusGet               
2000e2f5  SPIFIFOLevelSet                       
2000e329  __TI_cleanup                          
2000e35d  __TI_readmsg                          
2000e391  _c_int00_noargs                       
2000e3c5  PinTypeGPIO                           
2000e3f5  UARTDisable                           
2000e455  finddevice                            
2000e485  __aeabi_i2d                           
2000e4b3  I2CMasterErr                          
2000e4e1  NwpPowerOn                            
2000e50d  PRCMSysResetCauseGet                  
2000e565  _SlDrvProtectionObjLockWaitForever    
2000e591  remove                                
2000e591  unlink                                
2000e5bd  TimerLoadSet                          
2000e5e7  TimerPrescaleSet                      
2000e611  PRCMPeripheralClkDisable              
2000e639  _SlDrvGlobalObjUnLock                 
2000e661  _SlDrvProtectionObjUnLock             
2000e689  _SlDrvSyncObjWaitForever              
2000e6d9  lseek                                 
2000e701  memmove                               
2000e729  write                                 
2000e751  _SlDrvObjLockWaitForever              
2000e777  sl_Provisioning_HttpServerEventHdl    
2000e785  sl_Provisioning_NetAppEventHdl        
2000e791  sl_Provisioning_WlanEventHdl          
2000e79d  DmaSpiSwIntHandler                    
2000e7c1  IntUnregister                         
2000e7e5  UARTEnable                            
2000e809  I2CMasterSlaveAddrSet                 
2000e82b  SPIReset                              
2000e84d  SPIWordCountSet                       
2000e86f  GPIOPinWrite                          
2000e891  IntRegister                           
2000e8b1  NwpPrePowerOffTimout0                 
2000e8d1  SPIDataGet                            
2000e8f1  TimerGetCurrentTimestamp              
2000e911  _SlDrvObjUnLock                       
2000e931  _SlDrvSyncObjSignal                   
2000e951  memchr                                
2000e971  GPIOIntRegister                       
2000e98f  I2CMasterIntStatusEx                  
2000e9ad  SPIDataPut                            
2000e9cb  TimerEnable                           
2000e9e9  UARTCharPut                           
2000ea25  PinTypeI2C                            
2000ea41  TimerValueGet                         
2000ea5d  UARTCharGetNonBlocking                
2000ea79  _SlDrvStartMeasureTimeout             
2000ea95  __TI_zero_init_nomemset               
2000eacd  memccpy                               
2000eae9  uDMAChannelEnable                     
2000eb05  GPIOIntEnable                         
2000eb1f  PinTypeSPI                            
2000eb39  PinTypeUART                           
2000eb53  SPIDmaDisable                         
2000eb6d  SPIDmaEnable                          
2000eb87  SPIFIFODisable                        
2000eba1  SPIFIFOEnable                         
2000ebbb  SPIIntUnregister                      
2000ebd5  copysign                              
2000ebd5  copysignl                             
2000ebef  GPIOPinRead                           
2000ec07  I2CMasterIntEnableEx                  
2000ec1f  SPICSDisable                          
2000ec37  SPICSEnable                           
2000ec4f  SPIDisable                            
2000ec67  SPIEnable                             
2000ec7f  UARTCharsAvail                        
2000ec97  _SlNonOsSemSet                        
2000ecf9  strcmp                                
2000ed11  I2CMasterDataPut                      
2000ed27  I2CMasterEnable                       
2000ed3d  PRCMHIBRegRead                        
2000ed53  PRCMHIBRegWrite                       
2000ed69  _SlDrvMemZero                         
2000ed7f  strchr                                
2000ed95  CPUcpsie                              
2000eda9  GPIOIntClear                          
2000edbd  IntVTableBaseSet                      
2000edd1  strcpy                                
2000ede5  strlen                                
2000edf9  I2CMasterControl                      
2000ee0b  I2CMasterIntClearEx                   
2000ee1d  I2CMasterTimeoutSet                   
2000ee2f  wcslen                                
2000ee41  _SlDrvDispatchHttpServerEvents        
2000ee51  I2CMasterDataGet                      
2000ee5f  _SlDrvResetCmdExt                     
2000ee6d  __TI_decompress_none                  
2000ee7b  ResetISR                              
2000ee89  NwpMaskInterrupt                      
2000ee95  NwpUnMaskInterrupt                    
2000eea1  IntMasterEnable                       
2000eeb5  __aeabi_errno_addr                    
2000eebd  malloc                                
2000eec5  UtilsDelay                            
2000eed3  _system_pre_init                      
2000eed7  C$$EXIT                               
2000eed7  abort                                 
2000f3d7  _ctypes_                              
2000f754  OpcodeTranslateTable                  
2000f790  _SlActionLookupTable                  
2000f9a6  _SlNetAppSendTokenValueCmdCtrl        
2000f9e8  __TI_static_base__                    
2000fa88  __TI_Handler_Table_Base               
2000fa94  __TI_Handler_Table_Limit              
2000faa0  __TI_CINIT_Base                       
2000fab0  __TI_CINIT_Limit                      
20017000  __start___llvm_prf_cnts               
20017000  __stop___llvm_prf_cnts                
20017000  _sys_memory                           
2001f168  __CIOBUF_                             
2001f288  __TI_tmpnams                          
2001f328  g_ucDinDout                           
2001f378  g_time                                
2001f3a4  g_ucConnectionSSID                    
2001f3c8  g_ucConnectionBSSID                   
2001f3d0  parmbuf                               
2001f3dc  RxIrqCnt                              
2001f3dd  g_bDeviceRestartIsRequired            
2001f3de  g_cDummy                              
2001f3df  g_ucLED1Pin                           
2001f3e0  g_ucLED2Pin                           
2001f3e1  g_ucLED3Pin                           
2001f3e4  _ftable                               
2001f4d4  _device                               
2001f54c  _stream                               
2001f59c  g__SlNonOsCB                          
2001f5d8  cursor_x                              
2001f5dc  cursor_y                              
2001f5e0  textsize                              
2001f5e4  textcolor                             
2001f5e8  textbgcolor                           
2001f5ec  wrap                                  
2001f604  g_ulStatus                            
2001f608  g_ulPingPacketsRecv                   
2001f60c  g_ulGatewayIP                         
2001f610  g_Host                                
2001f614  __TI_ft_end                           
2001f618  __aeabi_stdin                         
2001f61c  __aeabi_stdout                        
2001f620  __aeabi_stderr                        
2001f624  g_SlDeviceStatus                      
2001f628  g_pCB                                 
2001f62c  pPingCallBackFunc                     
2001f634  __TI_cleanup_ptr                      
2001f638  __TI_dtors_ptr                        
2001f63c  __TI_enable_exit_profile_output       
2001f640  g_uiLED1Port                          
2001f644  g_uiLED2Port                          
2001f648  g_uiLED3Port                          
2001f64c  g_SpiFd                               
2001f650  g_pHostIntHdl                         
2001f654  g_ucDMAEnabled                        
2001f658  _lock                                 
2001f65c  _unlock                               
2001f668  errno                                 
2002f000  __stack                               
20030000  __STACK_END                           
ffffffff  __TI_pprof_out_hndl                   
ffffffff  __TI_prof_data_size                   
ffffffff  __TI_prof_data_start                  
ffffffff  __binit__                             
ffffffff  __c_args__                            
ffffffff  binit                                 
UNDEFED   __mpu_init                            
UNDEFED   _system_post_cinit                    

[378 symbols]
